banner.cs:5: banner  decorative separator comment
banner.cs:8: banner  decorative separator comment
banner.cs:11: banner  decorative separator comment
banner.cs:14: banner  decorative separator comment
banner.cs:17: banner  decorative separator comment
banner.cs:20: banner  decorative separator comment
